// Vitest Snapshot v1, https://vitest.dev/guide/snapshot.html

exports[`testing categories components > should render 3 categories 1`] = `
{
  "asFragment": [Function],
  "baseElement": <body>
    <div>
      <div
        class="sc-blHHSb fUSza-d"
      >
        <a
          href="/men"
        >
          <div
            class="category"
          >
            <img
              alt=""
              src="/Men.jpg"
            />
            <h1>
              Men
            </h1>
          </div>
        </a>
        <a
          href="/women"
        >
          <div
            class="category"
          >
            <img
              alt=""
              src="/Women.jpg"
            />
            <h1>
              Women
            </h1>
          </div>
        </a>
        <a
          href="/jewelry"
        >
          <div
            class="category"
          >
            <img
              alt=""
              src="/Jewelry.jpg"
            />
            <h1>
              Jewelry
            </h1>
          </div>
        </a>
      </div>
    </div>
  </body>,
  "container": <div>
    <div
      class="sc-blHHSb fUSza-d"
    >
      <a
        href="/men"
      >
        <div
          class="category"
        >
          <img
            alt=""
            src="/Men.jpg"
          />
          <h1>
            Men
          </h1>
        </div>
      </a>
      <a
        href="/women"
      >
        <div
          class="category"
        >
          <img
            alt=""
            src="/Women.jpg"
          />
          <h1>
            Women
          </h1>
        </div>
      </a>
      <a
        href="/jewelry"
      >
        <div
          class="category"
        >
          <img
            alt=""
            src="/Jewelry.jpg"
          />
          <h1>
            Jewelry
          </h1>
        </div>
      </a>
    </div>
  </div>,
  "debug": [Function],
  "findAllByAltText": [Function],
  "findAllByDisplayValue": [Function],
  "findAllByLabelText": [Function],
  "findAllByPlaceholderText": [Function],
  "findAllByRole": [Function],
  "findAllByTestId": [Function],
  "findAllByText": [Function],
  "findAllByTitle": [Function],
  "findByAltText": [Function],
  "findByDisplayValue": [Function],
  "findByLabelText": [Function],
  "findByPlaceholderText": [Function],
  "findByRole": [Function],
  "findByTestId": [Function],
  "findByText": [Function],
  "findByTitle": [Function],
  "getAllByAltText": [Function],
  "getAllByDisplayValue": [Function],
  "getAllByLabelText": [Function],
  "getAllByPlaceholderText": [Function],
  "getAllByRole": [Function],
  "getAllByTestId": [Function],
  "getAllByText": [Function],
  "getAllByTitle": [Function],
  "getByAltText": [Function],
  "getByDisplayValue": [Function],
  "getByLabelText": [Function],
  "getByPlaceholderText": [Function],
  "getByRole": [Function],
  "getByTestId": [Function],
  "getByText": [Function],
  "getByTitle": [Function],
  "queryAllByAltText": [Function],
  "queryAllByDisplayValue": [Function],
  "queryAllByLabelText": [Function],
  "queryAllByPlaceholderText": [Function],
  "queryAllByRole": [Function],
  "queryAllByTestId": [Function],
  "queryAllByText": [Function],
  "queryAllByTitle": [Function],
  "queryByAltText": [Function],
  "queryByDisplayValue": [Function],
  "queryByLabelText": [Function],
  "queryByPlaceholderText": [Function],
  "queryByRole": [Function],
  "queryByTestId": [Function],
  "queryByText": [Function],
  "queryByTitle": [Function],
  "rerender": [Function],
  "unmount": [Function],
}
`;
